// Vitest Snapshot v1, https://vitest.dev/guide/snapshot.html

exports[`general file test > globs changes 1`] = `
[
  {
    "content": "---
"package-a": minor
---

Summary about the changes in pkg-a
",
    "extname": ".md",
    "filename": "first-change",
    "path": ".changes/first-change.md",
  },
  {
    "content": "---
"package-b": patch
---

Summary about the changes in pkg-b
",
    "extname": ".md",
    "filename": "second-change",
    "path": ".changes/second-change.md",
  },
]
`;

exports[`general file test > ignores readme 1`] = `[]`;
